I'm sorry, but errors were detected in your script. Please correct the
errors listed below, and try again.


File "game/script.rpy", line 1039: expected statement.
    warriorspoints -= 7
                    ^

File "game/script.rpy", line 1040: expected statement.
    religiouspoints += 8
                    ^

File "game/script.rpy", line 1044: expected statement.
    warriorspoints -= 10
                    ^

File "game/script.rpy", line 1045: expected statement.
    religiouspoints += 10
                    ^

File "game/script.rpy", line 1049: expected statement.
    warriorspoints += 10
                   ^

File "game/script.rpy", line 1050: expected statement.
    religiouspoints -= 10
                     ^

Ren'Py Version: Ren'Py 6.99.14.2.3333
Mon May  7 11:08:00 2018
